HEC-HMS found at:  /home/runner/work/Previne-Taquari-Antas---Redes-Neurais/Previne-Taquari-Antas---Redes-Neurais/.hec/HEC-HMS-4.13

WARNING : Virtual display server is not running.
          Set DISPLAY variable or start Xvfb.

/home/runner/work/Previne-Taquari-Antas---Redes-Neurais/Previne-Taquari-Antas---Redes-Neurais/.hec/HEC-HMS-4.13/hec-hms.sh: line 25: return: can only `return' from a function or sourced script
/home/runner/work/Previne-Taquari-Antas---Redes-Neurais/Previne-Taquari-Antas---Redes-Neurais/.hec/HEC-HMS-4.13/bin/taudem:/home/runner/work/Previne-Taquari-Antas---Redes-Neurais/Previne-Taquari-Antas---Redes-Neurais/.hec/HEC-HMS-4.13/bin/migrate-to-dss-7/bin:/home/runner/work/Previne-Taquari-Antas---Redes-Neurais/Previne-Taquari-Antas---Redes-Neurais/.hec/HEC-HMS-4.13/bin/mpi:/opt/hostedtoolcache/Python/3.11.16/x64/bin:/opt/hostedtoolcache/Python/3.11.16/x64:/snap/bin:/home/runner/.local/bin:/opt/pipx_bin:/home/runner/.cargo/bin:/home/runner/.config/composer/vendor/bin:/usr/local/.ghcup/bin:/home/runner/.dotnet/tools:/usr/local/sbin:/usr/local/bin:/usr/sbin:/usr/bin:/sbin:/bin:/usr/games:/usr/local/games:/snap/bin
 
DefaultValidationEventHandler: [FATAL_ERROR]: Premature end of file. 
     Location: line 1
Sep 28, 2026 9:35:22 PM hms.map.layer.MapAnnotationSettings loadValues
WARNING: Unable to parse map annotation settings.
jakarta.xml.bind.UnmarshalException
 - with linked exception:
[org.xml.sax.SAXParseException; lineNumber: 1; columnNumber: 1; Premature end of file.]
	at jakarta.xml.bind.helpers.AbstractUnmarshallerImpl.createUnmarshalException(AbstractUnmarshallerImpl.java:310)
	at org.glassfish.jaxb.runtime.v2.runtime.unmarshaller.UnmarshallerImpl.createUnmarshalException(UnmarshallerImpl.java:538)
	at org.glassfish.jaxb.runtime.v2.runtime.unmarshaller.UnmarshallerImpl.unmarshal0(UnmarshallerImpl.java:224)
	at org.glassfish.jaxb.runtime.v2.runtime.unmarshaller.UnmarshallerImpl.unmarshal(UnmarshallerImpl.java:189)
	at jakarta.xml.bind.helpers.AbstractUnmarshallerImpl.unmarshal(AbstractUnmarshallerImpl.java:140)
	at jakarta.xml.bind.helpers.AbstractUnmarshallerImpl.unmarshal(AbstractUnmarshallerImpl.java:179)
	at jakarta.xml.bind.helpers.AbstractUnmarshallerImpl.unmarshal(AbstractUnmarshallerImpl.java:164)
	at hms.map.layer.MapAnnotationSettings.loadValues(Unknown Source)
	at hms.model.F.a(Unknown Source)
	at hms.model.ProjectManager.<init>(Unknown Source)
	at hms.model.JythonHms.runScript(Unknown Source)
	at hms.Hms.main(Unknown Source)
Caused by: org.xml.sax.SAXParseException; lineNumber: 1; columnNumber: 1; Premature end of file.
	at java.xml/com.sun.org.apache.xerces.internal.util.ErrorHandlerWrapper.createSAXParseException(Unknown Source)
	at java.xml/com.sun.org.apache.xerces.internal.util.ErrorHandlerWrapper.fatalError(Unknown Source)
	at java.xml/com.sun.org.apache.xerces.internal.impl.XMLErrorReporter.reportError(Unknown Source)
	at java.xml/com.sun.org.apache.xerces.internal.impl.XMLErrorReporter.reportError(Unknown Source)
	at java.xml/com.sun.org.apache.xerces.internal.impl.XMLScanner.reportFatalError(Unknown Source)
	at java.xml/com.sun.org.apache.xerces.internal.impl.XMLDocumentScannerImpl$PrologDriver.next(Unknown Source)
	at java.xml/com.sun.org.apache.xerces.internal.impl.XMLDocumentScannerImpl.next(Unknown Source)
	at java.xml/com.sun.org.apache.xerces.internal.impl.XMLNSDocumentScannerImpl.next(Unknown Source)
	at java.xml/com.sun.org.apache.xerces.internal.impl.XMLDocumentFragmentScannerImpl.scanDocument(Unknown Source)
	at java.xml/com.sun.org.apache.xerces.internal.parsers.XML11Configuration.parse(Unknown Source)
	at java.xml/com.sun.org.apache.xerces.internal.parsers.XML11Configuration.parse(Unknown Source)
	at java.xml/com.sun.org.apache.xerces.internal.parsers.XMLParser.parse(Unknown Source)
	at java.xml/com.sun.org.apache.xerces.internal.parsers.AbstractSAXParser.parse(Unknown Source)
	at java.xml/com.sun.org.apache.xerces.internal.jaxp.SAXParserImpl$JAXPSAXParser.parse(Unknown Source)
	at org.glassfish.jaxb.runtime.v2.runtime.unmarshaller.UnmarshallerImpl.unmarshal0(UnmarshallerImpl.java:218)
	... 9 more

SPATIAL_RAIN_DSS_WRITTEN|/home/runner/work/Previne-Taquari-Antas---Redes-Neurais/Previne-Taquari-Antas---Redes-Neurais/assets/data/estudo_bacia_taquari_antas/hec_hms_spatial_forecast_mucum/project/spatial_rain.dss
REMOVED_STALE_OUTPUT_DSS|/home/runner/work/Previne-Taquari-Antas---Redes-Neurais/Previne-Taquari-Antas---Redes-Neurais/assets/data/estudo_bacia_taquari_antas/hec_hms_spatial_forecast_mucum/project/output.dss
FLOW_PATHS|//Zona_86472000_LIVE/FLOW/01Sep2026/1Hour/RUN:Forecast/|//Zona_86472000_LIVE/FLOW/01Oct2026/1Hour/RUN:Forecast/|//Zona_02851072_LIVE/FLOW/01Sep2026/1Hour/RUN:Forecast/|//Zona_02851072_LIVE/FLOW/01Oct2026/1Hour/RUN:Forecast/|//Saida_LIVE/FLOW/01Sep2026/1Hour/RUN:Forecast/|//Saida_LIVE/FLOW/01Oct2026/1Hour/RUN:Forecast/
SPATIAL_FORECAST_OUTPUT|/home/runner/work/Previne-Taquari-Antas---Redes-Neurais/Previne-Taquari-Antas---Redes-Neurais/assets/data/estudo_bacia_taquari_antas/hec_hms_spatial_forecast_mucum/hec_output_values.csv
Sep 28, 2026 9:35:24 PM hms.model.JythonHms runScript
WARNING: SystemExit: 1
Traceback (most recent call last):
  File "/home/runner/work/Previne-Taquari-Antas---Redes-Neurais/Previne-Taquari-Antas---Redes-Neurais/assets/data/estudo_bacia_taquari_antas/hec_hms_spatial_forecast_mucum/project/run_forecast.script", line 74, in <module>
    Exit(1)
SystemExit: 1

	at hms.model.JythonHms.Exit(Unknown Source)
	at java.base/jdk.internal.reflect.NativeMethodAccessorImpl.invoke0(Native Method)
	at java.base/jdk.internal.reflect.NativeMethodAccessorImpl.invoke(Unknown Source)
	at java.base/jdk.internal.reflect.DelegatingMethodAccessorImpl.invoke(Unknown Source)
	at java.base/java.lang.reflect.Method.invoke(Unknown Source)
	at org.python.core.PyReflectedFunction.__call__(PyReflectedFunction.java:190)
	at org.python.core.PyReflectedFunction.__call__(PyReflectedFunction.java:208)
	at org.python.core.PyObject.__call__(PyObject.java:461)
	at org.python.core.PyObject.__call__(PyObject.java:465)
	at org.python.pycode._pyx0.f$0(/home/runner/work/Previne-Taquari-Antas---Redes-Neurais/Previne-Taquari-Antas---Redes-Neurais/assets/data/estudo_bacia_taquari_antas/hec_hms_spatial_forecast_mucum/project/run_forecast.script:74)
	at org.python.pycode._pyx0.call_function(/home/runner/work/Previne-Taquari-Antas---Redes-Neurais/Previne-Taquari-Antas---Redes-Neurais/assets/data/estudo_bacia_taquari_antas/hec_hms_spatial_forecast_mucum/project/run_forecast.script)
	at org.python.core.PyTableCode.call(PyTableCode.java:173)
	at org.python.core.PyCode.call(PyCode.java:18)
	at org.python.core.Py.runCode(Py.java:1687)
	at org.python.core.__builtin__.execfile_flags(__builtin__.java:535)
	at org.python.util.PythonInterpreter.execfile(PythonInterpreter.java:287)
	at hms.model.JythonHms.runScript(Unknown Source)
	at hms.Hms.main(Unknown Source)

21:35:23.478      -----DSS---zopen   Existing file opened,  File: /home/runner/work/Previne-Taquari-Antas---Redes-Neurais/Previne-Taquari-Antas---Redes-Neurais/assets/data/estudo_bacia_taquari_antas/hec_hms_spatial_forecast_mucum/project/spatial_rain.dss
21:35:23.478                         Handle 154;  Process: 2600;  DSS Versions - Software: 7-IU, File:  7-IU
21:35:23.478                         Single-user advisory access mode
21:35:23.479 -----DSS--- zread   Handle 154;  Version 54:  /MUCUM/IFS_86472000/PRECIP-INC/01Sep2026/1Hour/FORECAST/
21:35:23.479 -----DSS--- zwrite  Handle 154;  Version 55:  /MUCUM/IFS_86472000/PRECIP-INC/01Sep2026/1Hour/FORECAST/
21:35:23.479 -----DSS--- zwrite  Handle 154;  Version 31:  /MUCUM/IFS_86472000/PRECIP-INC/01Oct2026/1Hour/FORECAST/
21:35:23.486 -----DSS--- zread   Handle 154;  Version 54:  /MUCUM/IFS_02851072/PRECIP-INC/01Sep2026/1Hour/FORECAST/
21:35:23.486 -----DSS--- zwrite  Handle 154;  Version 55:  /MUCUM/IFS_02851072/PRECIP-INC/01Sep2026/1Hour/FORECAST/
21:35:23.486 -----DSS--- zwrite  Handle 154;  Version 31:  /MUCUM/IFS_02851072/PRECIP-INC/01Oct2026/1Hour/FORECAST/
21:35:23.486      -----DSS---zclose  Handle 154;  Process: 2600;  File: /home/runner/work/Previne-Taquari-Antas---Redes-Neurais/Previne-Taquari-Antas---Redes-Neurais/assets/data/estudo_bacia_taquari_antas/hec_hms_spatial_forecast_mucum/project/spatial_rain.dss
21:35:23.486                         Number records:         4
21:35:23.486                         File size:              16560  64-bit words
21:35:23.486                         File size:              129 Kb;  0 Mb
21:35:23.486                         Dead space:             294
21:35:23.486                         Hash range:             8192
21:35:23.486                         Number hash used:       4
21:35:23.486                         Max paths for hash:     1
21:35:23.486                         Corresponding hash:     995
21:35:23.486                         Number non unique hash: 0
21:35:23.486                         Number bins used:       4
21:35:23.486                         Number overflow bins:   0
21:35:23.486                         Number physical reads:  51
21:35:23.486                         Number physical writes: 26
21:35:23.486                         Number denied locks:    0
