HEC-HMS found at:  /home/runner/work/Previne-Taquari-Antas---Redes-Neurais/Previne-Taquari-Antas---Redes-Neurais/.hec/HEC-HMS-4.13

WARNING : Virtual display server is not running.
          Set DISPLAY variable or start Xvfb.

/home/runner/work/Previne-Taquari-Antas---Redes-Neurais/Previne-Taquari-Antas---Redes-Neurais/.hec/HEC-HMS-4.13/bin/taudem:/home/runner/work/Previne-Taquari-Antas---Redes-Neurais/Previne-Taquari-Antas---Redes-Neurais/.hec/HEC-HMS-4.13/bin/migrate-to-dss-7/bin:/home/runner/work/Previne-Taquari-Antas---Redes-Neurais/Previne-Taquari-Antas---Redes-Neurais/.hec/HEC-HMS-4.13/bin/mpi:/opt/hostedtoolcache/Python/3.11.16/x64/bin:/opt/hostedtoolcache/Python/3.11.16/x64:/snap/bin:/home/runner/.local/bin:/opt/pipx_bin:/home/runner/.cargo/bin:/home/runner/.config/composer/vendor/bin:/usr/local/.ghcup/bin:/home/runner/.dotnet/tools:/usr/local/sbin:/usr/local/bin:/usr/sbin:/usr/bin:/sbin:/bin:/usr/games:/usr/local/games:/snap/bin
 
ERROR 12550:  Error executing script: "/home/runner/work/Previne-Taquari-Antas---Redes-Neurais/Previne-Taquari-Antas---Redes-Neurais/assets/data/hec_hms_g040_full_basin/g040_e22_diagnostic_runs/DIAG_E22_ANCHOR_EVENT2/project/run.script"

--- STDERR ---
/home/runner/work/Previne-Taquari-Antas---Redes-Neurais/Previne-Taquari-Antas---Redes-Neurais/.hec/HEC-HMS-4.13/hec-hms.sh: line 25: return: can only `return' from a function or sourced script
Unable to revert mtime: /usr/share/fonts
Unable to revert mtime: /usr/share/fonts/truetype
Unable to revert mtime: /usr/share/fonts/truetype/dejavu
Unable to revert mtime: /usr/share/fonts/truetype/lato
Unable to revert mtime: /usr/share/fonts/truetype/liberation
Unable to revert mtime: /usr/share/fonts/truetype/noto
Oct 02, 2026 3:28:28 AM hec.heclib.dss.HecDSSFileAccess setDSSFileName
WARNING: 

*****  Cannot access DSS file  *****

Oct 02, 2026 3:28:28 AM hec.heclib.dss.HecDSSFileAccess setDSSFileName
WARNING: DSS file name given: assets/data/hec_hms_g040_full_basin/g040_e22_diagnostic_runs/DIAG_E22_ANCHOR_EVENT2/project/input.dss
Oct 02, 2026 3:28:28 AM hec.heclib.dss.HecDSSFileAccess setDSSFileName
WARNING: Absolute DSS file name: /home/runner/work/Previne-Taquari-Antas---Redes-Neurais/Previne-Taquari-Antas---Redes-Neurais/.hec/HEC-HMS-4.13/assets/data/hec_hms_g040_full_basin/g040_e22_diagnostic_runs/DIAG_E22_ANCHOR_EVENT2/project/input.dss
Oct 02, 2026 3:28:28 AM hms.model.JythonHms runScript
WARNING: java.lang.Exception: java.lang.Exception: Unable to access HEC-DSS file assets/data/hec_hms_g040_full_basin/g040_e22_diagnostic_runs/DIAG_E22_ANCHOR_EVENT2/project/input.dss
Traceback (most recent call last):
  File "/home/runner/work/Previne-Taquari-Antas---Redes-Neurais/Previne-Taquari-Antas---Redes-Neurais/assets/data/hec_hms_g040_full_basin/g040_e22_diagnostic_runs/DIAG_E22_ANCHOR_EVENT2/project/run.script", line 24, in <module>
    dss=HecDss.open(project_dir+"/input.dss")
	at hec.heclib.dss.HecDss.open(HecDss.java:98)
	at hec.heclib.dss.HecDss.open(HecDss.java:76)
	at hec.heclib.dss.HecDss.open(HecDss.java:53)
	at java.base/jdk.internal.reflect.NativeMethodAccessorImpl.invoke0(Native Method)
	at java.base/jdk.internal.reflect.NativeMethodAccessorImpl.invoke(Unknown Source)
	at java.base/jdk.internal.reflect.DelegatingMethodAccessorImpl.invoke(Unknown Source)
	at java.base/java.lang.reflect.Method.invoke(Unknown Source)
java.lang.Exception: java.lang.Exception: Unable to access HEC-DSS file assets/data/hec_hms_g040_full_basin/g040_e22_diagnostic_runs/DIAG_E22_ANCHOR_EVENT2/project/input.dss

	at org.python.core.Py.JavaError(Py.java:547)
	at org.python.core.Py.JavaError(Py.java:538)
	at org.python.core.PyReflectedFunction.__call__(PyReflectedFunction.java:192)
	at org.python.core.PyReflectedFunction.__call__(PyReflectedFunction.java:208)
	at org.python.core.PyObject.__call__(PyObject.java:461)
	at org.python.core.PyObject.__call__(PyObject.java:465)
	at org.python.pycode._pyx0.f$0(/home/runner/work/Previne-Taquari-Antas---Redes-Neurais/Previne-Taquari-Antas---Redes-Neurais/assets/data/hec_hms_g040_full_basin/g040_e22_diagnostic_runs/DIAG_E22_ANCHOR_EVENT2/project/run.script:80)
	at org.python.pycode._pyx0.call_function(/home/runner/work/Previne-Taquari-Antas---Redes-Neurais/Previne-Taquari-Antas---Redes-Neurais/assets/data/hec_hms_g040_full_basin/g040_e22_diagnostic_runs/DIAG_E22_ANCHOR_EVENT2/project/run.script)
	at org.python.core.PyTableCode.call(PyTableCode.java:173)
	at org.python.core.PyCode.call(PyCode.java:18)
	at org.python.core.Py.runCode(Py.java:1687)
	at org.python.core.__builtin__.execfile_flags(__builtin__.java:535)
	at org.python.util.PythonInterpreter.execfile(PythonInterpreter.java:287)
	at hms.model.JythonHms.runScript(Unknown Source)
	at hms.Hms.main(Unknown Source)
Caused by: java.lang.Exception: Unable to access HEC-DSS file assets/data/hec_hms_g040_full_basin/g040_e22_diagnostic_runs/DIAG_E22_ANCHOR_EVENT2/project/input.dss
	at hec.heclib.dss.HecDss.open(HecDss.java:98)
	at hec.heclib.dss.HecDss.open(HecDss.java:76)
	at hec.heclib.dss.HecDss.open(HecDss.java:53)
	at java.base/jdk.internal.reflect.NativeMethodAccessorImpl.invoke0(Native Method)
	at java.base/jdk.internal.reflect.NativeMethodAccessorImpl.invoke(Unknown Source)
	at java.base/jdk.internal.reflect.DelegatingMethodAccessorImpl.invoke(Unknown Source)
	at java.base/java.lang.reflect.Method.invoke(Unknown Source)
	at org.python.core.PyReflectedFunction.__call__(PyReflectedFunction.java:190)
	... 12 more

Traceback (most recent call last):
  File "/home/runner/work/Previne-Taquari-Antas---Redes-Neurais/Previne-Taquari-Antas---Redes-Neurais/assets/data/hec_hms_g040_full_basin/g040_e22_diagnostic_runs/DIAG_E22_ANCHOR_EVENT2/project/run.script", line 24, in <module>
    dss=HecDss.open(project_dir+"/input.dss")
	at hec.heclib.dss.HecDss.open(HecDss.java:98)
	at hec.heclib.dss.HecDss.open(HecDss.java:76)
	at hec.heclib.dss.HecDss.open(HecDss.java:53)
	at java.base/jdk.internal.reflect.NativeMethodAccessorImpl.invoke0(Native Method)
	at java.base/jdk.internal.reflect.NativeMethodAccessorImpl.invoke(Unknown Source)
	at java.base/jdk.internal.reflect.DelegatingMethodAccessorImpl.invoke(Unknown Source)
	at java.base/java.lang.reflect.Method.invoke(Unknown Source)
java.lang.Exception: java.lang.Exception: Unable to access HEC-DSS file assets/data/hec_hms_g040_full_basin/g040_e22_diagnostic_runs/DIAG_E22_ANCHOR_EVENT2/project/input.dss
