HEC-HMS found at:  /home/runner/work/Previne-Taquari-Antas---Redes-Neurais/Previne-Taquari-Antas---Redes-Neurais/.hec/HEC-HMS-4.13

WARNING : Virtual display server is not running.
          Set DISPLAY variable or start Xvfb.

/home/runner/work/Previne-Taquari-Antas---Redes-Neurais/Previne-Taquari-Antas---Redes-Neurais/.hec/HEC-HMS-4.13/hec-hms.sh: line 25: return: can only `return' from a function or sourced script
/home/runner/work/Previne-Taquari-Antas---Redes-Neurais/Previne-Taquari-Antas---Redes-Neurais/.hec/HEC-HMS-4.13/bin/taudem:/home/runner/work/Previne-Taquari-Antas---Redes-Neurais/Previne-Taquari-Antas---Redes-Neurais/.hec/HEC-HMS-4.13/bin/migrate-to-dss-7/bin:/home/runner/work/Previne-Taquari-Antas---Redes-Neurais/Previne-Taquari-Antas---Redes-Neurais/.hec/HEC-HMS-4.13/bin/mpi:/opt/hostedtoolcache/Python/3.11.16/x64/bin:/opt/hostedtoolcache/Python/3.11.16/x64:/snap/bin:/home/runner/.local/bin:/opt/pipx_bin:/home/runner/.cargo/bin:/home/runner/.config/composer/vendor/bin:/usr/local/.ghcup/bin:/home/runner/.dotnet/tools:/usr/local/sbin:/usr/local/bin:/usr/sbin:/usr/bin:/sbin:/bin:/usr/games:/usr/local/games:/snap/bin
Unable to revert mtime: /usr/share/fonts
Unable to revert mtime: /usr/share/fonts/truetype
Unable to revert mtime: /usr/share/fonts/truetype/dejavu
Unable to revert mtime: /usr/share/fonts/truetype/lato
Unable to revert mtime: /usr/share/fonts/truetype/liberation
Unable to revert mtime: /usr/share/fonts/truetype/noto
 
SPATIAL_RAIN_DSS_WRITTEN|/home/runner/work/Previne-Taquari-Antas---Redes-Neurais/Previne-Taquari-Antas---Redes-Neurais/assets/data/estudo_bacia_taquari_antas/hec_hms_spatial_forecast_mucum/project/spatial_rain.dss
REMOVED_STALE_OUTPUT_DSS|/home/runner/work/Previne-Taquari-Antas---Redes-Neurais/Previne-Taquari-Antas---Redes-Neurais/assets/data/estudo_bacia_taquari_antas/hec_hms_spatial_forecast_mucum/project/output.dss
FLOW_PATHS|//Zona_86472000_LIVE/FLOW/01Sep2026/1Hour/RUN:Forecast/|//Zona_86472000_LIVE/FLOW/01Oct2026/1Hour/RUN:Forecast/|//Zona_02851072_LIVE/FLOW/01Sep2026/1Hour/RUN:Forecast/|//Zona_02851072_LIVE/FLOW/01Oct2026/1Hour/RUN:Forecast/|//Saida_LIVE/FLOW/01Sep2026/1Hour/RUN:Forecast/|//Saida_LIVE/FLOW/01Oct2026/1Hour/RUN:Forecast/
SPATIAL_FORECAST_OUTPUT|/home/runner/work/Previne-Taquari-Antas---Redes-Neurais/Previne-Taquari-Antas---Redes-Neurais/assets/data/estudo_bacia_taquari_antas/hec_hms_spatial_forecast_mucum/hec_output_values.csv
Sep 28, 2026 9:37:08 PM hms.model.JythonHms runScript
WARNING: SystemExit: 1
Traceback (most recent call last):
  File "/home/runner/work/Previne-Taquari-Antas---Redes-Neurais/Previne-Taquari-Antas---Redes-Neurais/assets/data/estudo_bacia_taquari_antas/hec_hms_spatial_forecast_mucum/project/run_forecast.script", line 74, in <module>
    Exit(1)
SystemExit: 1

	at hms.model.JythonHms.Exit(Unknown Source)
	at java.base/jdk.internal.reflect.NativeMethodAccessorImpl.invoke0(Native Method)
	at java.base/jdk.internal.reflect.NativeMethodAccessorImpl.invoke(Unknown Source)
	at java.base/jdk.internal.reflect.DelegatingMethodAccessorImpl.invoke(Unknown Source)
	at java.base/java.lang.reflect.Method.invoke(Unknown Source)
	at org.python.core.PyReflectedFunction.__call__(PyReflectedFunction.java:190)
	at org.python.core.PyReflectedFunction.__call__(PyReflectedFunction.java:208)
	at org.python.core.PyObject.__call__(PyObject.java:461)
	at org.python.core.PyObject.__call__(PyObject.java:465)
	at org.python.pycode._pyx0.f$0(/home/runner/work/Previne-Taquari-Antas---Redes-Neurais/Previne-Taquari-Antas---Redes-Neurais/assets/data/estudo_bacia_taquari_antas/hec_hms_spatial_forecast_mucum/project/run_forecast.script:74)
	at org.python.pycode._pyx0.call_function(/home/runner/work/Previne-Taquari-Antas---Redes-Neurais/Previne-Taquari-Antas---Redes-Neurais/assets/data/estudo_bacia_taquari_antas/hec_hms_spatial_forecast_mucum/project/run_forecast.script)
	at org.python.core.PyTableCode.call(PyTableCode.java:173)
	at org.python.core.PyCode.call(PyCode.java:18)
	at org.python.core.Py.runCode(Py.java:1687)
	at org.python.core.__builtin__.execfile_flags(__builtin__.java:535)
	at org.python.util.PythonInterpreter.execfile(PythonInterpreter.java:287)
	at hms.model.JythonHms.runScript(Unknown Source)
	at hms.Hms.main(Unknown Source)

21:37:07.775      -----DSS---zopen   Existing file opened,  File: /home/runner/work/Previne-Taquari-Antas---Redes-Neurais/Previne-Taquari-Antas---Redes-Neurais/assets/data/estudo_bacia_taquari_antas/hec_hms_spatial_forecast_mucum/project/spatial_rain.dss
21:37:07.775                         Handle 152;  Process: 2374;  DSS Versions - Software: 7-IU, File:  7-IU
21:37:07.775                         Single-user advisory access mode
21:37:07.775 -----DSS--- zread   Handle 152;  Version 55:  /MUCUM/IFS_86472000/PRECIP-INC/01Sep2026/1Hour/FORECAST/
21:37:07.775 -----DSS--- zwrite  Handle 152;  Version 56:  /MUCUM/IFS_86472000/PRECIP-INC/01Sep2026/1Hour/FORECAST/
21:37:07.775 -----DSS--- zwrite  Handle 152;  Version 32:  /MUCUM/IFS_86472000/PRECIP-INC/01Oct2026/1Hour/FORECAST/
21:37:07.783 -----DSS--- zread   Handle 152;  Version 55:  /MUCUM/IFS_02851072/PRECIP-INC/01Sep2026/1Hour/FORECAST/
21:37:07.783 -----DSS--- zwrite  Handle 152;  Version 56:  /MUCUM/IFS_02851072/PRECIP-INC/01Sep2026/1Hour/FORECAST/
21:37:07.783 -----DSS--- zwrite  Handle 152;  Version 32:  /MUCUM/IFS_02851072/PRECIP-INC/01Oct2026/1Hour/FORECAST/
21:37:07.783      -----DSS---zclose  Handle 152;  Process: 2374;  File: /home/runner/work/Previne-Taquari-Antas---Redes-Neurais/Previne-Taquari-Antas---Redes-Neurais/assets/data/estudo_bacia_taquari_antas/hec_hms_spatial_forecast_mucum/project/spatial_rain.dss
21:37:07.783                         Number records:         4
21:37:07.783                         File size:              16560  64-bit words
21:37:07.783                         File size:              129 Kb;  0 Mb
21:37:07.783                         Dead space:             294
21:37:07.783                         Hash range:             8192
21:37:07.783                         Number hash used:       4
21:37:07.783                         Max paths for hash:     1
21:37:07.783                         Corresponding hash:     995
21:37:07.783                         Number non unique hash: 0
21:37:07.783                         Number bins used:       4
21:37:07.783                         Number overflow bins:   0
21:37:07.783                         Number physical reads:  51
21:37:07.783                         Number physical writes: 26
21:37:07.783                         Number denied locks:    0
