/home/runner/work/Previne-Taquari-Antas---Redes-Neurais/Previne-Taquari-Antas---Redes-Neurais/.hec/HEC-HMS-4.13/hec-hms.sh: line 25: return: can only `return' from a function or sourced script
Unable to revert mtime: /usr/share/fonts
Unable to revert mtime: /usr/share/fonts/truetype
Unable to revert mtime: /usr/share/fonts/truetype/dejavu
Unable to revert mtime: /usr/share/fonts/truetype/lato
Unable to revert mtime: /usr/share/fonts/truetype/liberation
Unable to revert mtime: /usr/share/fonts/truetype/noto
Sep 29, 2026 10:25:14 PM hms.model.JythonHms runScript
WARNING: SystemExit: 1
Traceback (most recent call last):
  File "/home/runner/work/Previne-Taquari-Antas---Redes-Neurais/Previne-Taquari-Antas---Redes-Neurais/assets/data/estudo_bacia_taquari_antas/hec_hms_dual_boundary_mucum/project/run.script", line 44, in <module>
    fo.close(); dss.close(); Exit(1)
SystemExit: 1

	at hms.model.JythonHms.Exit(Unknown Source)
	at java.base/jdk.internal.reflect.NativeMethodAccessorImpl.invoke0(Native Method)
	at java.base/jdk.internal.reflect.NativeMethodAccessorImpl.invoke(Unknown Source)
	at java.base/jdk.internal.reflect.DelegatingMethodAccessorImpl.invoke(Unknown Source)
	at java.base/java.lang.reflect.Method.invoke(Unknown Source)
	at org.python.core.PyReflectedFunction.__call__(PyReflectedFunction.java:190)
	at org.python.core.PyReflectedFunction.__call__(PyReflectedFunction.java:208)
	at org.python.core.PyObject.__call__(PyObject.java:461)
	at org.python.core.PyObject.__call__(PyObject.java:465)
	at org.python.pycode._pyx0.f$0(/home/runner/work/Previne-Taquari-Antas---Redes-Neurais/Previne-Taquari-Antas---Redes-Neurais/assets/data/estudo_bacia_taquari_antas/hec_hms_dual_boundary_mucum/project/run.script:44)
	at org.python.pycode._pyx0.call_function(/home/runner/work/Previne-Taquari-Antas---Redes-Neurais/Previne-Taquari-Antas---Redes-Neurais/assets/data/estudo_bacia_taquari_antas/hec_hms_dual_boundary_mucum/project/run.script)
	at org.python.core.PyTableCode.call(PyTableCode.java:173)
	at org.python.core.PyCode.call(PyCode.java:18)
	at org.python.core.Py.runCode(Py.java:1687)
	at org.python.core.__builtin__.execfile_flags(__builtin__.java:535)
	at org.python.util.PythonInterpreter.execfile(PythonInterpreter.java:287)
	at hms.model.JythonHms.runScript(Unknown Source)
	at hms.Hms.main(Unknown Source)


HEC-HMS found at:  /home/runner/work/Previne-Taquari-Antas---Redes-Neurais/Previne-Taquari-Antas---Redes-Neurais/.hec/HEC-HMS-4.13

WARNING : Virtual display server is not running.
          Set DISPLAY variable or start Xvfb.

/home/runner/work/Previne-Taquari-Antas---Redes-Neurais/Previne-Taquari-Antas---Redes-Neurais/.hec/HEC-HMS-4.13/bin/taudem:/home/runner/work/Previne-Taquari-Antas---Redes-Neurais/Previne-Taquari-Antas---Redes-Neurais/.hec/HEC-HMS-4.13/bin/migrate-to-dss-7/bin:/home/runner/work/Previne-Taquari-Antas---Redes-Neurais/Previne-Taquari-Antas---Redes-Neurais/.hec/HEC-HMS-4.13/bin/mpi:/opt/hostedtoolcache/Python/3.11.16/x64/bin:/opt/hostedtoolcache/Python/3.11.16/x64:/snap/bin:/home/runner/.local/bin:/opt/pipx_bin:/home/runner/.cargo/bin:/home/runner/.config/composer/vendor/bin:/usr/local/.ghcup/bin:/home/runner/.dotnet/tools:/usr/local/sbin:/usr/local/bin:/usr/sbin:/usr/bin:/sbin:/bin:/usr/games:/usr/local/games:/snap/bin
 
22:25:13.884      -----DSS---zopen   New file opened,  File: /home/runner/work/Previne-Taquari-Antas---Redes-Neurais/Previne-Taquari-Antas---Redes-Neurais/assets/data/estudo_bacia_taquari_antas/hec_hms_dual_boundary_mucum/project/input.dss
22:25:13.884                         Handle 150;  Process: 2386;  DSS Version:  7-IU
22:25:13.884                         Single-user advisory access mode
22:25:13.896 -----DSS--- zwrite  Handle 150;  Version 1:  /MUCUM/LJJ/FLOW/01Sep2026/1Hour/FORECAST/
22:25:13.896 -----DSS--- zwrite  Handle 150;  Version 1:  /MUCUM/LJJ/FLOW/01Oct2026/1Hour/FORECAST/
22:25:13.900 -----DSS--- zwrite  Handle 150;  Version 1:  /MUCUM/CARR/FLOW/01Sep2026/1Hour/FORECAST/
22:25:13.900 -----DSS--- zwrite  Handle 150;  Version 1:  /MUCUM/CARR/FLOW/01Oct2026/1Hour/FORECAST/
22:25:13.905 -----DSS--- zwrite  Handle 150;  Version 1:  /MUCUM/RESIDUAL/PRECIP-INC/01Sep2026/1Hour/FORECAST/
22:25:13.905 -----DSS--- zwrite  Handle 150;  Version 1:  /MUCUM/RESIDUAL/PRECIP-INC/01Oct2026/1Hour/FORECAST/
22:25:13.905      -----DSS---zclose  Handle 150;  Process: 2386;  File: /home/runner/work/Previne-Taquari-Antas---Redes-Neurais/Previne-Taquari-Antas---Redes-Neurais/assets/data/estudo_bacia_taquari_antas/hec_hms_dual_boundary_mucum/project/input.dss
22:25:13.905                         Number records:         6
22:25:13.905                         File size:              16300  64-bit words
22:25:13.905                         File size:              127 Kb;  0 Mb
22:25:13.905                         Dead space:             0
22:25:13.905                         Hash range:             8192
22:25:13.905                         Number hash used:       6
22:25:13.905                         Max paths for hash:     1
22:25:13.905                         Corresponding hash:     7578
22:25:13.905                         Number non unique hash: 0
22:25:13.905                         Number bins used:       6
22:25:13.905                         Number overflow bins:   0
22:25:13.905                         Number physical reads:  25
22:25:13.905                         Number physical writes: 57
22:25:13.905                         Number denied locks:    0

DUAL_BOUNDARY_RESULT={"current": {"observed_time_local": "2026-09-29T18:45", "observed_stage_cm": 1485.0, "model_stage_cm": 1402.29, "stage_error_cm": -82.71, "model_q_m3s": 5450.98}, "recent_fit_6h": {"n": 25, "rmse_cm": 98.89, "bias_cm": -97.56}, "peak": {"time_local": "2026-09-30T03:00", "stage_cm": 1626.72, "q_m3s": 6903.97, "rise_from_observed_cm": 141.72}, "publishable": false, "boundary_audit": {"linha_jose_julio": {"station": "86472000", "last_observed_local": "2026-09-29T18:00", "last_observed_q_m3s": 5562.127, "model_anchor_local": "2026-09-29T18:30", "model_anchor_q_m3s": 3221.847}, "passo_carreiro": {"station": "86500000", "last_observed_local": "2026-09-29T18:00", "last_observed_q_m3s": 1205.067, "model_anchor_local": "2026-09-29T18:00", "model_anchor_q_m3s": 1205.067}, "carreiro_state_scaling": {"q_before": 12.82095, "q_direct": 0.0, "target": 1205.0667, "factor": 93.99199747288618}}}
