HEC-HMS found at:  /home/runner/work/Previne-Taquari-Antas---Redes-Neurais/Previne-Taquari-Antas---Redes-Neurais/.hec/HEC-HMS-4.13

WARNING : Virtual display server is not running.
          Set DISPLAY variable or start Xvfb.

/home/runner/work/Previne-Taquari-Antas---Redes-Neurais/Previne-Taquari-Antas---Redes-Neurais/.hec/HEC-HMS-4.13/bin/taudem:/home/runner/work/Previne-Taquari-Antas---Redes-Neurais/Previne-Taquari-Antas---Redes-Neurais/.hec/HEC-HMS-4.13/bin/migrate-to-dss-7/bin:/home/runner/work/Previne-Taquari-Antas---Redes-Neurais/Previne-Taquari-Antas---Redes-Neurais/.hec/HEC-HMS-4.13/bin/mpi:/opt/hostedtoolcache/Python/3.11.16/x64/bin:/opt/hostedtoolcache/Python/3.11.16/x64:/snap/bin:/home/runner/.local/bin:/opt/pipx_bin:/home/runner/.cargo/bin:/home/runner/.config/composer/vendor/bin:/usr/local/.ghcup/bin:/home/runner/.dotnet/tools:/usr/local/sbin:/usr/local/bin:/usr/sbin:/usr/bin:/sbin:/bin:/usr/games:/usr/local/games:/snap/bin
 
ERROR 42164:  Could not load discharge data from gage "SRC_86472000" for source "Q_86472000" in basin model "G040 E1 Hindcast".
ERROR 40052:  Found "1" errors in basin model "G040 E1 Hindcast".
ERROR 12550:  Error executing script: "/home/runner/work/Previne-Taquari-Antas---Redes-Neurais/Previne-Taquari-Antas---Redes-Neurais/assets/data/hec_hms_g040_full_basin/g040_e1_hindcast/SMOKE_E1/project/run.script"
13:52:46.303      -----DSS---zopen   New file opened,  File: /home/runner/work/Previne-Taquari-Antas---Redes-Neurais/Previne-Taquari-Antas---Redes-Neurais/assets/data/hec_hms_g040_full_basin/g040_e1_hindcast/SMOKE_E1/project/input.dss
13:52:46.303                         Handle 150;  Process: 2137;  DSS Version:  7-IU
13:52:46.303                         Single-user advisory access mode
13:52:46.309 -----DSS--- zwrite  Handle 150;  Version 1:  /G040/86500000/FLOW/01Sep2026/1Hour/OBS/
13:52:46.310 -----DSS--- zwrite  Handle 150;  Version 1:  /G040/86472000/FLOW/01Sep2026/1Hour/OBS/
13:52:46.312 -----DSS--- zwrite  Handle 150;  Version 1:  /G040/CORE_INC_86720000_86743000/PRECIP-INC/01Sep2026/1Hour/OBS/
13:52:46.313 -----DSS--- zwrite  Handle 150;  Version 1:  /G040/CORE_INC_86472000_86510000/PRECIP-INC/01Sep2026/1Hour/OBS/
13:52:46.314 -----DSS--- zwrite  Handle 150;  Version 1:  /G040/CORE_INC_86879000_86879300/PRECIP-INC/01Sep2026/1Hour/OBS/
13:52:46.316 -----DSS--- zwrite  Handle 150;  Version 1:  /G040/CORE_INC_86510000_86720000/PRECIP-INC/01Sep2026/1Hour/OBS/
13:52:46.317 -----DSS--- zwrite  Handle 150;  Version 1:  /G040/BRANCH_86595000/PRECIP-INC/01Sep2026/1Hour/OBS/
13:52:46.318 -----DSS--- zwrite  Handle 150;  Version 1:  /G040/BRANCH_86746000/PRECIP-INC/01Sep2026/1Hour/OBS/
13:52:46.319 -----DSS--- zwrite  Handle 150;  Version 1:  /G040/CORE_INC_86879300_86895000/PRECIP-INC/01Sep2026/1Hour/OBS/
13:52:46.320 -----DSS--- zwrite  Handle 150;  Version 1:  /G040/CORE_INC_86743000_86879000/PRECIP-INC/01Sep2026/1Hour/OBS/
13:52:46.320      -----DSS---zclose  Handle 150;  Process: 2137;  File: /home/runner/work/Previne-Taquari-Antas---Redes-Neurais/Previne-Taquari-Antas---Redes-Neurais/assets/data/hec_hms_g040_full_basin/g040_e1_hindcast/SMOKE_E1/project/input.dss
13:52:46.320                         Number records:         10
13:52:46.320                         File size:              16563  64-bit words
13:52:46.320                         File size:              129 Kb;  0 Mb
13:52:46.320                         Dead space:             0
13:52:46.320                         Hash range:             8192
13:52:46.320                         Number hash used:       10
13:52:46.320                         Max paths for hash:     1
13:52:46.320                         Corresponding hash:     1821
13:52:46.320                         Number non unique hash: 0
13:52:46.320                         Number bins used:       10
13:52:46.320                         Number overflow bins:   0
13:52:46.320                         Number physical reads:  41
13:52:46.320                         Number physical writes: 91
13:52:46.320                         Number denied locks:    0

--- STDERR ---
/home/runner/work/Previne-Taquari-Antas---Redes-Neurais/Previne-Taquari-Antas---Redes-Neurais/.hec/HEC-HMS-4.13/hec-hms.sh: line 25: return: can only `return' from a function or sourced script
Unable to revert mtime: /usr/share/fonts
Unable to revert mtime: /usr/share/fonts/truetype
Unable to revert mtime: /usr/share/fonts/truetype/dejavu
Unable to revert mtime: /usr/share/fonts/truetype/lato
Unable to revert mtime: /usr/share/fonts/truetype/liberation
Unable to revert mtime: /usr/share/fonts/truetype/noto
Oct 01, 2026 1:52:47 PM hms.model.JythonHms runScript
WARNING: ValueError: Simulation run "Hindcast" failed.
Traceback (most recent call last):
  File "/home/runner/work/Previne-Taquari-Antas---Redes-Neurais/Previne-Taquari-Antas---Redes-Neurais/assets/data/hec_hms_g040_full_basin/g040_e1_hindcast/SMOKE_E1/project/run.script", line 32, in <module>
    Compute("Hindcast")
ValueError: Simulation run "Hindcast" failed.

	at hms.model.JythonHms.ComputeRun(Unknown Source)
	at hms.model.JythonHms.Compute(Unknown Source)
	at java.base/jdk.internal.reflect.NativeMethodAccessorImpl.invoke0(Native Method)
	at java.base/jdk.internal.reflect.NativeMethodAccessorImpl.invoke(Unknown Source)
	at java.base/jdk.internal.reflect.DelegatingMethodAccessorImpl.invoke(Unknown Source)
	at java.base/java.lang.reflect.Method.invoke(Unknown Source)
	at org.python.core.PyReflectedFunction.__call__(PyReflectedFunction.java:190)
	at org.python.core.PyReflectedFunction.__call__(PyReflectedFunction.java:208)
	at org.python.core.PyObject.__call__(PyObject.java:461)
	at org.python.core.PyObject.__call__(PyObject.java:465)
	at org.python.pycode._pyx0.f$0(/home/runner/work/Previne-Taquari-Antas---Redes-Neurais/Previne-Taquari-Antas---Redes-Neurais/assets/data/hec_hms_g040_full_basin/g040_e1_hindcast/SMOKE_E1/project/run.script:45)
	at org.python.pycode._pyx0.call_function(/home/runner/work/Previne-Taquari-Antas---Redes-Neurais/Previne-Taquari-Antas---Redes-Neurais/assets/data/hec_hms_g040_full_basin/g040_e1_hindcast/SMOKE_E1/project/run.script)
	at org.python.core.PyTableCode.call(PyTableCode.java:173)
	at org.python.core.PyCode.call(PyCode.java:18)
	at org.python.core.Py.runCode(Py.java:1687)
	at org.python.core.__builtin__.execfile_flags(__builtin__.java:535)
	at org.python.util.PythonInterpreter.execfile(PythonInterpreter.java:287)
	at hms.model.JythonHms.runScript(Unknown Source)
	at hms.Hms.main(Unknown Source)

Traceback (most recent call last):
  File "/home/runner/work/Previne-Taquari-Antas---Redes-Neurais/Previne-Taquari-Antas---Redes-Neurais/assets/data/hec_hms_g040_full_basin/g040_e1_hindcast/SMOKE_E1/project/run.script", line 32, in <module>
    Compute("Hindcast")
ValueError: Simulation run "Hindcast" failed.
